---
source: tests/integration.rs
assertion_line: 772
expression: r.stdout
---
declare -x APP_NAME="myapp"
declare -x BASH="/bin/bash"
declare -x BASH_VERSION="0.1.0"
declare -x HOME="/home/user"
declare -x HOSTNAME="rust-bash"
declare -x LANG="en_US.UTF-8"
declare -x OLDPWD=""
declare -x OSTYPE="linux-gnu"
declare -x PATH="/usr/bin:/bin"
declare -x PWD="/"
declare -x SHELL="/bin/bash"
declare -x TERM="xterm-256color"
declare -x USER="user"
